// Jest Snapshot v1, https://goo.gl/fbAQLP

exports[`enumeration declaration Example 0 1`] = `
Object {
  "data": Object {
    "cases": Array [
      Object {
        "data": Object {
          "associatedValueTypes": Array [
            Object {
              "data": Object {
                "genericArguments": Array [],
                "id": "0",
                "identifier": Object {
                  "id": "0",
                  "isPlaceholder": false,
                  "string": "Wrapped",
                },
              },
              "type": "typeIdentifier",
            },
            Object {
              "data": Object {
                "id": "0",
              },
              "type": "placeholder",
            },
          ],
          "id": "0",
          "name": Object {
            "id": "0",
            "name": "value",
          },
        },
        "type": "enumerationCase",
      },
      Object {
        "data": Object {
          "associatedValueTypes": Array [
            Object {
              "data": Object {
                "id": "0",
              },
              "type": "placeholder",
            },
          ],
          "id": "0",
          "name": Object {
            "id": "0",
            "name": "none",
          },
        },
        "type": "enumerationCase",
      },
      Object {
        "data": Object {
          "id": "0",
        },
        "type": "placeholder",
      },
    ],
    "genericParameters": Array [
      Object {
        "data": Object {
          "id": "0",
          "name": Object {
            "id": "0",
            "name": "Wrapped",
          },
        },
        "type": "parameter",
      },
      Object {
        "data": Object {
          "id": "0",
        },
        "type": "placeholder",
      },
    ],
    "id": "0",
    "name": Object {
      "id": "0",
      "name": "Optional",
    },
  },
  "type": "enumeration",
}
`;
